
************************************************************

CalculiX Version 2.17, Copyright(C) 1998-2020 Guido Dhondt
CalculiX comes with ABSOLUTELY NO WARRANTY. This is free
software, and you are welcome to redistribute it under
certain conditions, see gpl.htm

************************************************************

You are using an executable made on Thu Jul 23 21:43:50 CEST 2020

  The numbers below are estimated upper bounds

  number of:

   nodes:           16
   elements:            2
   one-dimensional elements:            0
   two-dimensional elements:            0
   integration points per element:            8
   degrees of freedom per node:            3
   layers per element:            1

   distributed facial loads:            0
   distributed volumetric loads:            0
   concentrated loads:            4
   single point constraints:           20
   multiple point constraints:            1
   terms in all multiple point constraints:            1
   tie constraints:            1
   dependent nodes tied by cyclic constraints:            0
   dependent nodes in pre-tension constraints:            0

   sets:            8
   terms in all sets:           46

   materials:            2
   constants per material and temperature:            4
   temperature points per material:            1
   plastic data points per material:            0

   orientations:            0
   amplitudes:            2
   data points in all amplitudes:            2
   print requests:            8
   transformations:            0
   property cards:            0

 *INFO reading *SURFACE BEHAVIOR: the tension
       value at large clearances
       (only relevant for node-to-surface contact)
       must be strictly positive
       the following default will be used:   3.0000000000000000     
       the user is advised to analyze the results
       carefully
 *WARNING reading *STATIC:
          the minimum increment    0.0000000000000000     
          is smaller then 1.e-6 times the 
          step time;
          the minimum increment is changed
          to    9.9999999999999995E-007
          which is the minimum of the initial
          increment time and 1.e-6 times the step time

 STEP            1

 Static analysis was selected

 Newton-Raphson iterative procedure is active

 Decascading the MPC's

 Determining the structure of the matrix:
 number of equations
 28
 number of nonzero lower triangular matrix elements
 186

 increment 1 attempt 1 
 increment size= 1.000000e+00
 sum of previous increments=0.000000e+00
 actual step time=1.000000e+00
 actual total time=1.000000e+00

 iteration 1

 Number of contact spring elements=28

 Determining the structure of the matrix:
maximal possible contact elements = 
28

 number of equations
 28
 number of nonzero lower triangular matrix elements
 234

 Using up to 1 cpu(s) for the stress calculation.

 Using up to 1 cpu(s) for the symmetric stiffness/mass contributions.

 Factoring the system of equations using the symmetric spooles solver
 Using up to 1 cpu(s) for spooles.

 Using up to 1 cpu(s) for the stress calculation.

 average force= 0.033333
 time avg. forc= 0.033333
 largest residual force= 0.000000 in node 13 and dof 3
 largest increment of disp= 1.242862e-04
 largest correction to disp= 1.242862e-04 in node 11 and dof 3

 no convergence

 iteration 2

 Number of contact spring elements=28

 Using up to 1 cpu(s) for the stress calculation.

 Using up to 1 cpu(s) for the symmetric stiffness/mass contributions.

 Factoring the system of equations using the symmetric spooles solver
 Using up to 1 cpu(s) for spooles.

 Using up to 1 cpu(s) for the stress calculation.

line search factor=0.602827

 Using up to 1 cpu(s) for the stress calculation.

 average force= 0.033333
 time avg. forc= 0.033333
 largest residual force= 0.000000 in node 9 and dof 3
 largest increment of disp= 1.242862e-04
 largest correction to disp= 1.712245e-16 in node 13 and dof 3

 convergence

 the increment size exceeds the remainder of the step and is decreased to 0.000000e+00

nonlingeo iinc=1
 pressure ratio (smallest/largest pressure over all contact areas) =0.000000e+00

 Using up to 1 cpu(s) for the stress calculation.


 Job finished

________________________________________

Total CalculiX Time: 0.061866
________________________________________
